// Jest Snapshot v1, https://goo.gl/fbAQLP

exports[`GridCard snapshot should match snapshot 1`] = `
<styled.div>
  <div
    className="card-header"
  >
    <div
      className="card-avatar"
    >
      <img
        alt="User avatar"
        onError={[Function]}
        src="test-avatar-path"
      />
    </div>
    <div
      className="card-name"
    >
      <h4>
        Test User
      </h4>
      <p>
        Test Occupation
      </p>
    </div>
  </div>
  <div
    className="card-body"
  >
    <div
      className="card-graph"
    >
      <Line
        data={
          Object {
            "datasets": Array [
              Object {
                "backgroundColor": "#000",
                "borderColor": "#000",
                "data": Array [],
                "fill": false,
                "pointHitRadius": 10,
                "pointRadius": 1,
              },
            ],
            "labels": Array [],
          }
        }
        options={
          Object {
            "layout": Object {
              "padding": 5,
            },
            "legend": Object {
              "display": false,
            },
            "scales": Object {
              "xAxes": Array [
                Object {
                  "display": false,
                },
              ],
              "yAxes": Array [
                Object {
                  "display": false,
                },
              ],
            },
          }
        }
      />
      <span
        className="graph-label"
      >
        Daily Revenue: undefined - undefined
      </span>
    </div>
    <div
      className="card-metrics"
    >
      <p
        className="impressions-count"
      >
        20
      </p>
      <p
        className="impressions-label"
      >
        impressions
      </p>
      <p
        className="conversions-count"
      >
        10
      </p>
      <p
        className="conversions-label"
      >
        conversions
      </p>
      <p
        className="revenue-count"
      >
        $100.00
      </p>
    </div>
  </div>
</styled.div>
`;
