// Jest Snapshot v1, https://goo.gl/fbAQLP

exports[`MainGrid snapshot should render correctly 1`] = `
<div>
  <div>
    <h1>
      GridCard
    </h1>
    <p>
      
    </p>
    <p>
      Sofia S. Parkin
    </p>
    <p>
      Terrazzo worker
    </p>
    <p>
      16037.780000000006
    </p>
    <p>
      912
    </p>
    <p>
      320
    </p>
  </div>
  <div>
    <h1>
      GridCard
    </h1>
    <p>
      https://s3.amazonaws.com/uifaces/faces/twitter/soyjavi/128.jpg
    </p>
    <p>
      Jason P. Varela
    </p>
    <p>
      Ticket seller
    </p>
    <p>
      15448.249999999996
    </p>
    <p>
      911
    </p>
    <p>
      305
    </p>
  </div>
  <div>
    <h1>
      GridCard
    </h1>
    <p>
      
    </p>
    <p>
      Tracy W. Chin
    </p>
    <p>
      Clerk
    </p>
    <p>
      13673.149999999981
    </p>
    <p>
      901
    </p>
    <p>
      280
    </p>
  </div>
  <div>
    <h1>
      GridCard
    </h1>
    <p>
      https://s3.amazonaws.com/uifaces/faces/twitter/manoukvdberg/128.jpg
    </p>
    <p>
      Kieran Z. Davidson
    </p>
    <p>
      Short-order cook
    </p>
    <p>
      13780.789999999992
    </p>
    <p>
      948
    </p>
    <p>
      276
    </p>
  </div>
  <div>
    <h1>
      GridCard
    </h1>
    <p>
      https://s3.amazonaws.com/uifaces/faces/twitter/natemhanson/128.jpg
    </p>
    <p>
      Mohammad E. Singh
    </p>
    <p>
      Auditing clerk
    </p>
    <p>
      15169.540000000008
    </p>
    <p>
      902
    </p>
    <p>
      295
    </p>
  </div>
  <div>
    <h1>
      GridCard
    </h1>
    <p>
      
    </p>
    <p>
      Lara C. Gardiner
    </p>
    <p>
      Phlebotomist
    </p>
    <p>
      14204.560000000007
    </p>
    <p>
      902
    </p>
    <p>
      283
    </p>
  </div>
  <div>
    <h1>
      GridCard
    </h1>
    <p>
      
    </p>
    <p>
      Kian E. Matthews
    </p>
    <p>
      Earth driller
    </p>
    <p>
      13232.03
    </p>
    <p>
      914
    </p>
    <p>
      272
    </p>
  </div>
  <div>
    <h1>
      GridCard
    </h1>
    <p>
      https://s3.amazonaws.com/uifaces/faces/twitter/raquelwilson/128.jpg
    </p>
    <p>
      Sienna J. Oberg
    </p>
    <p>
      Deckhand
    </p>
    <p>
      17261.119999999995
    </p>
    <p>
      888
    </p>
    <p>
      338
    </p>
  </div>
  <div>
    <h1>
      GridCard
    </h1>
    <p>
      
    </p>
    <p>
      Owen E. Nolan
    </p>
    <p>
      Guitar repairer
    </p>
    <p>
      14912.070000000005
    </p>
    <p>
      881
    </p>
    <p>
      317
    </p>
  </div>
  <div>
    <h1>
      GridCard
    </h1>
    <p>
      https://s3.amazonaws.com/uifaces/faces/twitter/idiot_girl/128.jpg
    </p>
    <p>
      Leah L. McDonagh
    </p>
    <p>
      Land acquisition specialist
    </p>
    <p>
      14792.410000000002
    </p>
    <p>
      917
    </p>
    <p>
      302
    </p>
  </div>
  <div>
    <h1>
      GridCard
    </h1>
    <p>
      https://s3.amazonaws.com/uifaces/faces/twitter/walterstephanie/128.jpg
    </p>
    <p>
      Rose M. Dickens
    </p>
    <p>
      Hairdresser
    </p>
    <p>
      14200.009999999995
    </p>
    <p>
      928
    </p>
    <p>
      280
    </p>
  </div>
  <div>
    <h1>
      GridCard
    </h1>
    <p>
      https://s3.amazonaws.com/uifaces/faces/twitter/chexee/128.jpg
    </p>
    <p>
      Alana L. Follett
    </p>
    <p>
      Special education teacher
    </p>
    <p>
      15523.62999999999
    </p>
    <p>
      890
    </p>
    <p>
      300
    </p>
  </div>
  <div>
    <h1>
      GridCard
    </h1>
    <p>
      
    </p>
    <p>
      Martin N. Hardin
    </p>
    <p>
      Power plant distributor
    </p>
    <p>
      12683.990000000002
    </p>
    <p>
      920
    </p>
    <p>
      261
    </p>
  </div>
  <div>
    <h1>
      GridCard
    </h1>
    <p>
      https://s3.amazonaws.com/uifaces/faces/twitter/raquelromanp/128.jpg
    </p>
    <p>
      Lynn C. Hastings
    </p>
    <p>
      Research psychologist
    </p>
    <p>
      15160.479999999981
    </p>
    <p>
      871
    </p>
    <p>
      306
    </p>
  </div>
  <div>
    <h1>
      GridCard
    </h1>
    <p>
      
    </p>
    <p>
      Kiara C. Bunce
    </p>
    <p>
      Control room trainee
    </p>
    <p>
      13694.180000000006
    </p>
    <p>
      849
    </p>
    <p>
      272
    </p>
  </div>
  <div>
    <h1>
      GridCard
    </h1>
    <p>
      
    </p>
    <p>
      George J. Weigel
    </p>
    <p>
      Museum director
    </p>
    <p>
      14010.649999999994
    </p>
    <p>
      908
    </p>
    <p>
      290
    </p>
  </div>
  <div>
    <h1>
      GridCard
    </h1>
    <p>
      
    </p>
    <p>
      Randy S. Nagel
    </p>
    <p>
      Rail yard engineer
    </p>
    <p>
      15024.439999999997
    </p>
    <p>
      889
    </p>
    <p>
      284
    </p>
  </div>
  <div>
    <h1>
      GridCard
    </h1>
    <p>
      https://s3.amazonaws.com/uifaces/faces/twitter/kerem/128.jpg
    </p>
    <p>
      Lawrence C. Young
    </p>
    <p>
      Construction and maintenance painter
    </p>
    <p>
      15811.84
    </p>
    <p>
      896
    </p>
    <p>
      304
    </p>
  </div>
  <div>
    <h1>
      GridCard
    </h1>
    <p>
      https://s3.amazonaws.com/uifaces/faces/twitter/kurafire/128.jpg
    </p>
    <p>
      Wm A. Winslow
    </p>
    <p>
      Contract cutter
    </p>
    <p>
      14787.739999999996
    </p>
    <p>
      886
    </p>
    <p>
      281
    </p>
  </div>
  <div>
    <h1>
      GridCard
    </h1>
    <p>
      
    </p>
    <p>
      John C. Ashby
    </p>
    <p>
      Computer chip processor
    </p>
    <p>
      15377.919999999998
    </p>
    <p>
      856
    </p>
    <p>
      305
    </p>
  </div>
  <div>
    <h1>
      GridCard
    </h1>
    <p>
      https://s3.amazonaws.com/uifaces/faces/twitter/nikkitaftw/128.jpg
    </p>
    <p>
      Arline T. Williams
    </p>
    <p>
      Design printing machine operator
    </p>
    <p>
      14960.349999999991
    </p>
    <p>
      868
    </p>
    <p>
      315
    </p>
  </div>
  <div>
    <h1>
      GridCard
    </h1>
    <p>
      https://s3.amazonaws.com/uifaces/faces/twitter/gt/128.jpg
    </p>
    <p>
      Charles S. Gardner
    </p>
    <p>
      Phlebotomist
    </p>
    <p>
      14276.41
    </p>
    <p>
      932
    </p>
    <p>
      282
    </p>
  </div>
  <div>
    <h1>
      GridCard
    </h1>
    <p>
      
    </p>
    <p>
      Riley D. Norris
    </p>
    <p>
      Transmission engineer
    </p>
    <p>
      16185.069999999994
    </p>
    <p>
      908
    </p>
    <p>
      320
    </p>
  </div>
  <div>
    <h1>
      GridCard
    </h1>
    <p>
      
    </p>
    <p>
      Desmond J. Carnes
    </p>
    <p>
      Yoga instructor
    </p>
    <p>
      15540.819999999998
    </p>
    <p>
      923
    </p>
    <p>
      321
    </p>
  </div>
  <div>
    <h1>
      GridCard
    </h1>
    <p>
      
    </p>
    <p>
      Thomas I. Rolland
    </p>
    <p>
      Farmhand
    </p>
    <p>
      14967.490000000002
    </p>
    <p>
      884
    </p>
    <p>
      307
    </p>
  </div>
  <div>
    <h1>
      GridCard
    </h1>
    <p>
      https://s3.amazonaws.com/uifaces/faces/twitter/joshuasortino/128.jpg
    </p>
    <p>
      Hayden M. Walstab
    </p>
    <p>
      Web designer
    </p>
    <p>
      16310.039999999985
    </p>
    <p>
      945
    </p>
    <p>
      319
    </p>
  </div>
  <div>
    <h1>
      GridCard
    </h1>
    <p>
      https://s3.amazonaws.com/uifaces/faces/twitter/adellecharles/128.jpg
    </p>
    <p>
      Cody I. Tunbridge
    </p>
    <p>
      Product designer
    </p>
    <p>
      15163.91000000001
    </p>
    <p>
      933
    </p>
    <p>
      303
    </p>
  </div>
  <div>
    <h1>
      GridCard
    </h1>
    <p>
      https://s3.amazonaws.com/uifaces/faces/twitter/geeftvorm/128.jpg
    </p>
    <p>
      Nicole M. Brooks
    </p>
    <p>
      Auto damage appraiser
    </p>
    <p>
      16476.360000000008
    </p>
    <p>
      923
    </p>
    <p>
      332
    </p>
  </div>
  <div>
    <h1>
      GridCard
    </h1>
    <p>
      https://s3.amazonaws.com/uifaces/faces/twitter/flame_kaizar/128.jpg
    </p>
    <p>
      Matthew H. Glover
    </p>
    <p>
      Transportation attendant
    </p>
    <p>
      14019.73
    </p>
    <p>
      927
    </p>
    <p>
      272
    </p>
  </div>
  <div>
    <h1>
      GridCard
    </h1>
    <p>
      
    </p>
    <p>
      Lucy B. Fulks
    </p>
    <p>
      Personnel administrator
    </p>
    <p>
      17058.019999999997
    </p>
    <p>
      891
    </p>
    <p>
      334
    </p>
  </div>
  <div>
    <h1>
      GridCard
    </h1>
    <p>
      https://s3.amazonaws.com/uifaces/faces/twitter/whale/128.jpg
    </p>
    <p>
      Archie E. Vogel
    </p>
    <p>
      U.S. marshal
    </p>
    <p>
      14899.340000000002
    </p>
    <p>
      912
    </p>
    <p>
      288
    </p>
  </div>
  <div>
    <h1>
      GridCard
    </h1>
    <p>
      https://s3.amazonaws.com/uifaces/faces/twitter/tomaslau/128.jpg
    </p>
    <p>
      Harrison R. Hall
    </p>
    <p>
      Technical recruiter
    </p>
    <p>
      15003.860000000006
    </p>
    <p>
      892
    </p>
    <p>
      310
    </p>
  </div>
  <div>
    <h1>
      GridCard
    </h1>
    <p>
      https://s3.amazonaws.com/uifaces/faces/twitter/shalt0ni/128.jpg
    </p>
    <p>
      Zac A. Massie
    </p>
    <p>
      Commercial pilot
    </p>
    <p>
      15501.809999999994
    </p>
    <p>
      881
    </p>
    <p>
      301
    </p>
  </div>
  <div>
    <h1>
      GridCard
    </h1>
    <p>
      https://s3.amazonaws.com/uifaces/faces/twitter/jennyshen/128.jpg
    </p>
    <p>
      Freya M. Glover
    </p>
    <p>
      Maintenance electrician
    </p>
    <p>
      15318.009999999997
    </p>
    <p>
      914
    </p>
    <p>
      306
    </p>
  </div>
  <div>
    <h1>
      GridCard
    </h1>
    <p>
      https://s3.amazonaws.com/uifaces/faces/twitter/nettatheninja/128.jpg
    </p>
    <p>
      Ashley R. Johnson
    </p>
    <p>
      Transportation attendant
    </p>
    <p>
      16362.799999999996
    </p>
    <p>
      973
    </p>
    <p>
      310
    </p>
  </div>
  <div>
    <h1>
      GridCard
    </h1>
    <p>
      https://s3.amazonaws.com/uifaces/faces/twitter/dancounsell/128.jpg
    </p>
    <p>
      Lincoln H. Moss
    </p>
    <p>
      Auto damage appraiser
    </p>
    <p>
      15880.600000000006
    </p>
    <p>
      924
    </p>
    <p>
      306
    </p>
  </div>
  <div>
    <h1>
      GridCard
    </h1>
    <p>
      
    </p>
    <p>
      Joseph C. Knorr
    </p>
    <p>
      Social science research assistant
    </p>
    <p>
      14259.400000000012
    </p>
    <p>
      919
    </p>
    <p>
      284
    </p>
  </div>
  <div>
    <h1>
      GridCard
    </h1>
    <p>
      
    </p>
    <p>
      Sean K. McCarthy
    </p>
    <p>
      Environmental meteorologist
    </p>
    <p>
      16244.669999999996
    </p>
    <p>
      912
    </p>
    <p>
      329
    </p>
  </div>
  <div>
    <h1>
      GridCard
    </h1>
    <p>
      
    </p>
    <p>
      Zoraida L. Johnson
    </p>
    <p>
      Guitar repairer
    </p>
    <p>
      14614.419999999984
    </p>
    <p>
      945
    </p>
    <p>
      282
    </p>
  </div>
  <div>
    <h1>
      GridCard
    </h1>
    <p>
      https://s3.amazonaws.com/uifaces/faces/twitter/peterme/128.jpg
    </p>
    <p>
      Nicholas M. Vogel
    </p>
    <p>
      Electromechanical equipment assembler
    </p>
    <p>
      15804.729999999994
    </p>
    <p>
      961
    </p>
    <p>
      302
    </p>
  </div>
  <div>
    <h1>
      GridCard
    </h1>
    <p>
      https://s3.amazonaws.com/uifaces/faces/twitter/syswarren/128.jpg
    </p>
    <p>
      Darcy A. Farr
    </p>
    <p>
      Child care worker
    </p>
    <p>
      15164.82999999999
    </p>
    <p>
      911
    </p>
    <p>
      297
    </p>
  </div>
  <div>
    <h1>
      GridCard
    </h1>
    <p>
      
    </p>
    <p>
      Lara A. Muecke
    </p>
    <p>
      Registered representative
    </p>
    <p>
      14107.249999999995
    </p>
    <p>
      907
    </p>
    <p>
      288
    </p>
  </div>
  <div>
    <h1>
      GridCard
    </h1>
    <p>
      https://s3.amazonaws.com/uifaces/faces/twitter/stylecampaign/128.jpg
    </p>
    <p>
      Scarlett J. Sinclair
    </p>
    <p>
      News photographer
    </p>
    <p>
      16402.350000000002
    </p>
    <p>
      879
    </p>
    <p>
      320
    </p>
  </div>
  <div>
    <h1>
      GridCard
    </h1>
    <p>
      
    </p>
    <p>
      Bailey G. Brazenor
    </p>
    <p>
      Oxy-gas cutter
    </p>
    <p>
      17195.949999999993
    </p>
    <p>
      898
    </p>
    <p>
      343
    </p>
  </div>
  <div>
    <h1>
      GridCard
    </h1>
    <p>
      https://s3.amazonaws.com/uifaces/faces/twitter/c_southam/128.jpg
    </p>
    <p>
      Aaron E. Poynton
    </p>
    <p>
      Public address system announcer
    </p>
    <p>
      15664.71
    </p>
    <p>
      887
    </p>
    <p>
      328
    </p>
  </div>
  <div>
    <h1>
      GridCard
    </h1>
    <p>
      https://s3.amazonaws.com/uifaces/faces/twitter/ladylexy/128.jpg
    </p>
    <p>
      Jasmine S. Logue
    </p>
    <p>
      Plumbing inspector
    </p>
    <p>
      13778.510000000006
    </p>
    <p>
      890
    </p>
    <p>
      280
    </p>
  </div>
  <div>
    <h1>
      GridCard
    </h1>
    <p>
      
    </p>
    <p>
      Michael P. Martin
    </p>
    <p>
      Industrial engineering technician
    </p>
    <p>
      14871.81999999999
    </p>
    <p>
      919
    </p>
    <p>
      291
    </p>
  </div>
  <div>
    <h1>
      GridCard
    </h1>
    <p>
      
    </p>
    <p>
      Daniel J. Scott
    </p>
    <p>
      Maxillofacial radiologist
    </p>
    <p>
      14504.039999999992
    </p>
    <p>
      903
    </p>
    <p>
      295
    </p>
  </div>
  <div>
    <h1>
      GridCard
    </h1>
    <p>
      
    </p>
    <p>
      Holly J. Briggs
    </p>
    <p>
      Ophthalmic laboratory technician
    </p>
    <p>
      14335.519999999997
    </p>
    <p>
      913
    </p>
    <p>
      293
    </p>
  </div>
  <div>
    <h1>
      GridCard
    </h1>
    <p>
      
    </p>
    <p>
      Ronald M. Stone
    </p>
    <p>
      Motel desk clerk
    </p>
    <p>
      13940.93
    </p>
    <p>
      909
    </p>
    <p>
      281
    </p>
  </div>
  <div>
    <h1>
      GridCard
    </h1>
    <p>
      
    </p>
    <p>
      Rebecca X. Lesina
    </p>
    <p>
      Hairstylist
    </p>
    <p>
      13546.630000000001
    </p>
    <p>
      848
    </p>
    <p>
      285
    </p>
  </div>
  <div>
    <h1>
      GridCard
    </h1>
    <p>
      
    </p>
    <p>
      Jessica D. Hales
    </p>
    <p>
      Typesetting machine operator
    </p>
    <p>
      14763.969999999987
    </p>
    <p>
      921
    </p>
    <p>
      299
    </p>
  </div>
  <div>
    <h1>
      GridCard
    </h1>
    <p>
      
    </p>
    <p>
      Georgina H. Gibbons
    </p>
    <p>
      Adult secondary education teacher
    </p>
    <p>
      15067.169999999993
    </p>
    <p>
      906
    </p>
    <p>
      307
    </p>
  </div>
  <div>
    <h1>
      GridCard
    </h1>
    <p>
      https://s3.amazonaws.com/uifaces/faces/twitter/liang/128.jpg
    </p>
    <p>
      Mia N. Brennan
    </p>
    <p>
      Health psychologist
    </p>
    <p>
      15199.57
    </p>
    <p>
      891
    </p>
    <p>
      303
    </p>
  </div>
  <div>
    <h1>
      GridCard
    </h1>
    <p>
      https://s3.amazonaws.com/uifaces/faces/twitter/madysondesigns/128.jpg
    </p>
    <p>
      Sienna H. Hardey
    </p>
    <p>
      Electronics technician
    </p>
    <p>
      13590.429999999984
    </p>
    <p>
      879
    </p>
    <p>
      264
    </p>
  </div>
  <div>
    <h1>
      GridCard
    </h1>
    <p>
      
    </p>
    <p>
      John S. Sheppard
    </p>
    <p>
      Delivery service truck driver
    </p>
    <p>
      16250.479999999994
    </p>
    <p>
      874
    </p>
    <p>
      321
    </p>
  </div>
  <div>
    <h1>
      GridCard
    </h1>
    <p>
      https://s3.amazonaws.com/uifaces/faces/twitter/samjenkins/128.jpg
    </p>
    <p>
      Owen A. Walker
    </p>
    <p>
      Grocery bagger
    </p>
    <p>
      14420.270000000008
    </p>
    <p>
      885
    </p>
    <p>
      279
    </p>
  </div>
  <div>
    <h1>
      GridCard
    </h1>
    <p>
      https://s3.amazonaws.com/uifaces/faces/twitter/jina/128.jpg
    </p>
    <p>
      Claire C. O'Donnell
    </p>
    <p>
      Woodworking machine tender
    </p>
    <p>
      13949.419999999991
    </p>
    <p>
      927
    </p>
    <p>
      295
    </p>
  </div>
  <div>
    <h1>
      GridCard
    </h1>
    <p>
      
    </p>
    <p>
      Rosemary J. Ray
    </p>
    <p>
      Funeral manager
    </p>
    <p>
      14311.33999999998
    </p>
    <p>
      916
    </p>
    <p>
      306
    </p>
  </div>
  <div>
    <h1>
      GridCard
    </h1>
    <p>
      https://s3.amazonaws.com/uifaces/faces/twitter/rssems/128.jpg
    </p>
    <p>
      Henry A. Gilchrist
    </p>
    <p>
      Professor
    </p>
    <p>
      14159.63
    </p>
    <p>
      858
    </p>
    <p>
      301
    </p>
  </div>
  <div>
    <h1>
      GridCard
    </h1>
    <p>
      
    </p>
    <p>
      David S. Proctor
    </p>
    <p>
      Dental ceramist
    </p>
    <p>
      14782.830000000002
    </p>
    <p>
      871
    </p>
    <p>
      305
    </p>
  </div>
  <div>
    <h1>
      GridCard
    </h1>
    <p>
      https://s3.amazonaws.com/uifaces/faces/twitter/draganbabic/128.jpg
    </p>
    <p>
      Harry S. Burston
    </p>
    <p>
      Social and community service manager
    </p>
    <p>
      15275.579999999998
    </p>
    <p>
      878
    </p>
    <p>
      298
    </p>
  </div>
  <div>
    <h1>
      GridCard
    </h1>
    <p>
      https://s3.amazonaws.com/uifaces/faces/twitter/dustinlamont/128.jpg
    </p>
    <p>
      Thomas A. McDuffie
    </p>
    <p>
      Sewer
    </p>
    <p>
      16246.359999999988
    </p>
    <p>
      891
    </p>
    <p>
      310
    </p>
  </div>
  <div>
    <h1>
      GridCard
    </h1>
    <p>
      
    </p>
    <p>
      Ernest M. Jackson
    </p>
    <p>
      Technical sales support worker
    </p>
    <p>
      14300.400000000009
    </p>
    <p>
      940
    </p>
    <p>
      295
    </p>
  </div>
  <div>
    <h1>
      GridCard
    </h1>
    <p>
      https://s3.amazonaws.com/uifaces/faces/twitter/i_makethings/128.jpg
    </p>
    <p>
      Jamie R. King
    </p>
    <p>
      Photoengraver
    </p>
    <p>
      15385.689999999993
    </p>
    <p>
      907
    </p>
    <p>
      293
    </p>
  </div>
  <div>
    <h1>
      GridCard
    </h1>
    <p>
      
    </p>
    <p>
      Samuel J. Hartley
    </p>
    <p>
      Industrial engineering technician
    </p>
    <p>
      14967.390000000001
    </p>
    <p>
      941
    </p>
    <p>
      309
    </p>
  </div>
  <div>
    <h1>
      GridCard
    </h1>
    <p>
      
    </p>
    <p>
      Hannah R. Bryan
    </p>
    <p>
      Loan closer
    </p>
    <p>
      16121.16999999999
    </p>
    <p>
      899
    </p>
    <p>
      301
    </p>
  </div>
  <div>
    <h1>
      GridCard
    </h1>
    <p>
      https://s3.amazonaws.com/uifaces/faces/twitter/chloepark/128.jpg
    </p>
    <p>
      Amber J. Kent
    </p>
    <p>
      Bartender helper
    </p>
    <p>
      12869.849999999991
    </p>
    <p>
      919
    </p>
    <p>
      255
    </p>
  </div>
  <div>
    <h1>
      GridCard
    </h1>
    <p>
      https://s3.amazonaws.com/uifaces/faces/twitter/ManikRathee/128.jpg
    </p>
    <p>
      Patrick A. Godfrey
    </p>
    <p>
      Museum technician
    </p>
    <p>
      17239.59999999999
    </p>
    <p>
      938
    </p>
    <p>
      346
    </p>
  </div>
  <div>
    <h1>
      GridCard
    </h1>
    <p>
      
    </p>
    <p>
      Leo Y. Alexander
    </p>
    <p>
      Stock clerk
    </p>
    <p>
      14662.580000000004
    </p>
    <p>
      908
    </p>
    <p>
      304
    </p>
  </div>
  <div>
    <h1>
      GridCard
    </h1>
    <p>
      https://s3.amazonaws.com/uifaces/faces/twitter/jesseddy/128.jpg
    </p>
    <p>
      Claire H. Cumbrae
    </p>
    <p>
      Banker investigator
    </p>
    <p>
      13719.780000000004
    </p>
    <p>
      923
    </p>
    <p>
      285
    </p>
  </div>
  <div>
    <h1>
      GridCard
    </h1>
    <p>
      https://s3.amazonaws.com/uifaces/faces/twitter/wr/128.jpg
    </p>
    <p>
      Hunter S. Niall
    </p>
    <p>
      Server
    </p>
    <p>
      15292.999999999985
    </p>
    <p>
      857
    </p>
    <p>
      314
    </p>
  </div>
  <div>
    <h1>
      GridCard
    </h1>
    <p>
      https://s3.amazonaws.com/uifaces/faces/twitter/jonatan/128.jpg
    </p>
    <p>
      Nathan S. Myers
    </p>
    <p>
      Chemical technician
    </p>
    <p>
      15276.12
    </p>
    <p>
      937
    </p>
    <p>
      306
    </p>
  </div>
  <div>
    <h1>
      GridCard
    </h1>
    <p>
      https://s3.amazonaws.com/uifaces/faces/twitter/keizgoesboom/128.jpg
    </p>
    <p>
      Donna R. Maze
    </p>
    <p>
      Operating engineer
    </p>
    <p>
      15131.709999999988
    </p>
    <p>
      936
    </p>
    <p>
      296
    </p>
  </div>
  <div>
    <h1>
      GridCard
    </h1>
    <p>
      https://s3.amazonaws.com/uifaces/faces/twitter/brad_frost/128.jpg
    </p>
    <p>
      Charlie S. Gerardi
    </p>
    <p>
      Residential electrician
    </p>
    <p>
      14454.62
    </p>
    <p>
      876
    </p>
    <p>
      284
    </p>
  </div>
  <div>
    <h1>
      GridCard
    </h1>
    <p>
      https://s3.amazonaws.com/uifaces/faces/twitter/kfriedson/128.jpg
    </p>
    <p>
      Leah E. Marr
    </p>
    <p>
      Addictions nurse
    </p>
    <p>
      15399.52999999999
    </p>
    <p>
      895
    </p>
    <p>
      310
    </p>
  </div>
  <div>
    <h1>
      GridCard
    </h1>
    <p>
      https://s3.amazonaws.com/uifaces/faces/twitter/jaredfitch/128.jpg
    </p>
    <p>
      Patrick K. Larson
    </p>
    <p>
      Librarian
    </p>
    <p>
      16283.099999999999
    </p>
    <p>
      878
    </p>
    <p>
      326
    </p>
  </div>
  <div>
    <h1>
      GridCard
    </h1>
    <p>
      https://s3.amazonaws.com/uifaces/faces/twitter/fffabs/128.jpg
    </p>
    <p>
      Frank P. Fuller
    </p>
    <p>
      Deckhand
    </p>
    <p>
      14947.849999999995
    </p>
    <p>
      838
    </p>
    <p>
      303
    </p>
  </div>
  <div>
    <h1>
      GridCard
    </h1>
    <p>
      https://s3.amazonaws.com/uifaces/faces/twitter/pixeliris/128.jpg
    </p>
    <p>
      Julia A. Robles
    </p>
    <p>
      Prosthodontist
    </p>
    <p>
      15694.95999999999
    </p>
    <p>
      944
    </p>
    <p>
      281
    </p>
  </div>
  <div>
    <h1>
      GridCard
    </h1>
    <p>
      https://s3.amazonaws.com/uifaces/faces/twitter/soffes/128.jpg
    </p>
    <p>
      Richard J. Linden
    </p>
    <p>
      General internist
    </p>
    <p>
      13945.060000000005
    </p>
    <p>
      907
    </p>
    <p>
      293
    </p>
  </div>
  <div>
    <h1>
      GridCard
    </h1>
    <p>
      
    </p>
    <p>
      Ruth C. Johnson
    </p>
    <p>
      Mariner
    </p>
    <p>
      15400.750000000007
    </p>
    <p>
      923
    </p>
    <p>
      302
    </p>
  </div>
  <div>
    <h1>
      GridCard
    </h1>
    <p>
      https://s3.amazonaws.com/uifaces/faces/twitter/9lessons/128.jpg
    </p>
    <p>
      Sienna H. Alanson
    </p>
    <p>
      Oral surgeon
    </p>
    <p>
      15200.890000000012
    </p>
    <p>
      923
    </p>
    <p>
      315
    </p>
  </div>
  <div>
    <h1>
      GridCard
    </h1>
    <p>
      https://s3.amazonaws.com/uifaces/faces/twitter/teleject/128.jpg
    </p>
    <p>
      Richard L. Baughman
    </p>
    <p>
      Crop scientist
    </p>
    <p>
      14490.150000000012
    </p>
    <p>
      937
    </p>
    <p>
      276
    </p>
  </div>
</div>
`;
